# GPU: NVIDIA GeForce RTX 5070 (SM 12.0)
# Target arch: rtx5070
# Comparison variants: BF16 tensor core, FP32 pedantic, FP32 TF32 tensor core

=== BF16 ===
Dim    Selected     Custom(ms) CuBLAS(ms) CuBLAS-TC(ms)  Ratio%   L2_Error
------------------------------------------------------------------------------
32     r1_bf16          0.0016     0.0045       0.0028  274.9%   4.19e-08
64     r1_bf16          0.0020     0.0028       0.0028  139.4%   0.00e+00
128    r1_bf16          0.0034     0.0029       0.0029   85.5%   0.00e+00
256    r1_bf16          0.0055     0.0033       0.0033   60.9%   0.00e+00
512    r1_bf16          0.0222     0.0095       0.0094   42.7%   0.00e+00
1024   r1_bf16          0.0627     0.0370       0.0370   59.0%   0.00e+00
2048   r1_bf16          0.3652     0.2632       0.2583   72.1%   0.00e+00
4096   r1_bf16          2.7830     2.2531       2.2904   81.0%   0.00e+00

=== FP32 (CU Cores) ===
# Primary reference: cuBLAS pedantic (pure FP32, CUDA cores)
Dim    Variant        Custom(ms) Pedantic(ms)   Ratio%     L2_Err
----------------------------------------------------------------------------
32     master             0.0020       0.0045   222.8%   0.00e+00
64     master             0.0033       0.0047   141.4%   1.41e-07
128    master             0.0063       0.0046    74.0%   1.97e-07
256    master             0.0106       0.0074    69.8%   3.04e-07
512    master             0.0276       0.0252    91.4%   4.07e-07
1024   master             0.1396       0.1087    77.9%   5.84e-07
2048   master             0.9505       0.8193    86.2%   8.26e-07
4096   master             7.2467       7.0904    97.8%   0.00e+00

=== FP32 (TF32 / Tensor Cores) ===
# Custom kernel: TF32 WMMA/PTX (r2z_tc1); reference: cuBLAS COMPUTE_32F_FAST_TF32
Dim    Variant        Custom(ms)   TF32(ms)   Ratio%     L2_Err
----------------------------------------------------------------------------
32     r2z_tc1            0.0020     0.0045   222.1%   0.00e+00
64     r2z_tc1            0.0033     0.0044   134.2%   6.94e-04
128    r2z_tc1            0.0058     0.0030    51.6%   6.89e-04
256    r2z_tc1            0.0103     0.0044    43.1%   6.88e-04
512    r2z_tc1            0.0570     0.0135    23.6%   6.88e-04
1024   r2z_tc1            0.2225     0.0833    37.5%   6.88e-04
2048   r2z_tc1            1.3717     0.6235    45.5%   6.93e-04
4096   r2z_tc1            9.8910     4.5925    46.4%   7.00e-04

# CSV written to results/rtx5070/benchmark_results.csv
