# GPU: NVIDIA GeForce RTX 5070 (SM 12.0)
# Target arch: rtx5070
# FP32 launcher: master (naive + size-tuned r2z)

=== BF16 ===
Dim    Selected     Custom(ms) CuBLAS(ms) CuBLAS-TC(ms)  Ratio%   L2_Error
------------------------------------------------------------------------------
32     r1_bf16          0.0017     0.0030       0.0030  178.9%   4.19e-08
64     r1_bf16          0.0021     0.0045       0.0029  219.6%   0.00e+00
128    r1_bf16          0.0033     0.0029       0.0029   87.1%   0.00e+00
256    r1_bf16          0.0055     0.0033       0.0033   60.2%   0.00e+00
512    r1_bf16          0.0222     0.0095       0.0095   42.7%   0.00e+00
1024   r1_bf16          0.0686     0.0372       0.0371   54.2%   0.00e+00
2048   r1_bf16          0.3418     0.2592       0.2600   75.8%   0.00e+00
4096   r1_bf16          2.6120     2.3047       2.3587   88.2%   0.00e+00

=== FP32 (CU Cores) ===
# Primary reference: cuBLAS pedantic (pure FP32, CUDA cores)
Dim    Selected     Custom(ms) Pedantic(ms)   Ratio%     L2_Err
--------------------------------------------------------------------------
32     naive            0.0020       0.0046   232.0%   2.66e-04
64     naive            0.0033       0.0044   131.5%   2.65e-04
128    r2z_small        0.0063       0.0046    73.0%   2.59e-04
256    r2z_small        0.0106       0.0074    69.6%   2.61e-04
512    r2z_medium       0.0276       0.0250    90.7%   2.61e-04
1024   r2z_medium       0.1548       0.1194    77.2%   2.61e-04
2048   r2z_large        0.9824       0.8459    86.1%   2.61e-04
4096   r2z_large        7.4072       7.2484    97.9%   2.61e-04

=== FP32 (TF32 / Tensor Cores) ===
# Custom kernel: TF32 WMMA/PTX (r2z_tc1); reference: cuBLAS COMPUTE_32F_FAST_TF32
Dim    Selected     Custom(ms)   TF32(ms)   Ratio%     L2_Err
------------------------------------------------------------------------
32     naive_fallback     0.0020     0.0045   221.1%   0.00e+00
64     tc1_small        0.0033     0.0045   137.8%   6.94e-04
128    tc1_small        0.0057     0.0030    52.4%   6.89e-04
256    tc1_small        0.0103     0.0044    42.7%   6.88e-04
512    tc1_medium       0.0661     0.0135    20.4%   6.88e-04
1024   tc1_medium       0.2253     0.0901    40.0%   6.88e-04
2048   tc1_large        1.3886     0.6347    45.7%   6.93e-04
4096   tc1_large       10.0332     4.6672    46.5%   7.00e-04

# CSV written to results/rtx5070/benchmark_results.csv
